2026-01-28 14:01:52,954 INFO o.a.j.u.JMeterUtils: Setting Locale to en_US
2026-01-28 14:01:52,970 INFO o.a.j.JMeter: Loading user properties from: user.properties
2026-01-28 14:01:52,971 INFO o.a.j.JMeter: Loading system properties from: system.properties
2026-01-28 14:01:52,971 INFO o.a.j.JMeter: Loading additional properties from: E:\Jmeter\apache-jmeter-5.6.3\apache-jmeter-5.6.3\bin\jmeter.properties
2026-01-28 14:01:52,978 INFO o.a.j.JMeter: Copyright (c) 1998-2024 The Apache Software Foundation
2026-01-28 14:01:52,978 INFO o.a.j.JMeter: Version 5.6.3
2026-01-28 14:01:52,979 INFO o.a.j.JMeter: java.version=25.0.1
2026-01-28 14:01:52,979 INFO o.a.j.JMeter: java.vm.name=OpenJDK 64-Bit Server VM
2026-01-28 14:01:52,979 INFO o.a.j.JMeter: os.name=Windows 11
2026-01-28 14:01:52,979 INFO o.a.j.JMeter: os.arch=amd64
2026-01-28 14:01:52,979 INFO o.a.j.JMeter: os.version=10.0
2026-01-28 14:01:52,979 INFO o.a.j.JMeter: file.encoding=UTF-8
2026-01-28 14:01:52,980 INFO o.a.j.JMeter: java.awt.headless=true
2026-01-28 14:01:52,980 INFO o.a.j.JMeter: Max memory     =2076180480
2026-01-28 14:01:52,980 INFO o.a.j.JMeter: Available Processors =8
2026-01-28 14:01:52,994 INFO o.a.j.JMeter: Default Locale=English (United States)
2026-01-28 14:01:52,994 INFO o.a.j.JMeter: JMeter  Locale=English (United States)
2026-01-28 14:01:52,994 INFO o.a.j.JMeter: JMeterHome=E:\Jmeter\apache-jmeter-5.6.3\apache-jmeter-5.6.3
2026-01-28 14:01:52,994 INFO o.a.j.JMeter: user.dir  =E:\Jmeter\apache-jmeter-5.6.3\apache-jmeter-5.6.3\bin
2026-01-28 14:01:52,995 INFO o.a.j.JMeter: PWD       =E:\Jmeter\apache-jmeter-5.6.3\apache-jmeter-5.6.3\bin
2026-01-28 14:01:53,004 INFO o.a.j.JMeter: IP: 192.168.10.149 Name: DESKTOP-60C06CS FullName: 192.168.10.149
2026-01-28 14:01:53,013 INFO o.a.j.JMeter: Setting property 'jmeter.reportgenerator.outputdir' to:'E:\Jmeter\apache-jmeter-5.6.3\apache-jmeter-5.6.3\bin\New Folder'
2026-01-28 14:01:53,016 INFO o.a.j.r.d.ReportGenerator: ReportGenerator will use for Parsing the separator: ','
2026-01-28 14:01:53,016 INFO o.a.j.r.d.ReportGenerator: Will only generate report from results file: E:\Jmeter\apache-jmeter-5.6.3\apache-jmeter-5.6.3\bin\results.jtl
2026-01-28 14:01:53,016 INFO o.a.j.r.d.ReportGenerator: Reading report generator properties from: E:\Jmeter\apache-jmeter-5.6.3\apache-jmeter-5.6.3\bin\reportgenerator.properties
2026-01-28 14:01:53,017 INFO o.a.j.r.d.ReportGenerator: Merging with JMeter properties
2026-01-28 14:01:53,053 INFO o.a.j.r.c.ReportGeneratorConfiguration: Property 'jmeter.reportgenerator.temp_dir' not found, using default value 'temp' instead.
2026-01-28 14:01:53,055 INFO o.a.j.r.c.ReportGeneratorConfiguration: Property 'jmeter.reportgenerator.apdex_per_transaction' not found, using default value 'null' instead.
2026-01-28 14:01:53,060 INFO o.a.j.r.c.ReportGeneratorConfiguration: apdex_per_transaction is empty, not APDEX per transaction customization
2026-01-28 14:01:53,060 INFO o.a.j.r.c.ReportGeneratorConfiguration: Property 'jmeter.reportgenerator.sample_filter' not found, using default value 'null' instead.
2026-01-28 14:01:53,060 INFO o.a.j.r.c.ReportGeneratorConfiguration: Property 'jmeter.reportgenerator.report_title' not found, using default value 'null' instead.
2026-01-28 14:01:53,060 INFO o.a.j.r.c.ReportGeneratorConfiguration: Property 'jmeter.reportgenerator.start_date' not found, using default value 'null' instead.
2026-01-28 14:01:53,060 INFO o.a.j.r.c.ReportGeneratorConfiguration: Property 'jmeter.reportgenerator.end_date' not found, using default value 'null' instead.
2026-01-28 14:01:53,060 INFO o.a.j.r.c.ReportGeneratorConfiguration: Property 'jmeter.reportgenerator.date_format' not found, using default value 'null' instead.
2026-01-28 14:01:53,064 INFO o.a.j.r.c.ReportGeneratorConfiguration: Will use date range start date: null, end date: null
2026-01-28 14:01:53,069 INFO o.a.j.r.c.ReportGeneratorConfiguration: Property 'jmeter.reportgenerator.graph.totalTPS.exclude_controllers' not found, using default value 'false' instead.
2026-01-28 14:01:53,069 INFO o.a.j.r.c.ReportGeneratorConfiguration: Property 'jmeter.reportgenerator.graph.activeThreadsOverTime.exclude_controllers' not found, using default value 'false' instead.
2026-01-28 14:01:53,069 INFO o.a.j.r.c.ReportGeneratorConfiguration: Property 'jmeter.reportgenerator.graph.timeVsThreads.exclude_controllers' not found, using default value 'false' instead.
2026-01-28 14:01:53,069 INFO o.a.j.r.c.ReportGeneratorConfiguration: Property 'jmeter.reportgenerator.graph.responseTimeDistribution.exclude_controllers' not found, using default value 'false' instead.
2026-01-28 14:01:53,069 INFO o.a.j.r.c.ReportGeneratorConfiguration: Property 'jmeter.reportgenerator.graph.transactionsPerSecond.exclude_controllers' not found, using default value 'false' instead.
2026-01-28 14:01:53,069 INFO o.a.j.r.c.ReportGeneratorConfiguration: Property 'jmeter.reportgenerator.graph.responseTimePercentiles.exclude_controllers' not found, using default value 'false' instead.
2026-01-28 14:01:53,070 INFO o.a.j.r.c.ReportGeneratorConfiguration: Property 'jmeter.reportgenerator.graph.responseTimePercentilesOverTime.exclude_controllers' not found, using default value 'false' instead.
2026-01-28 14:01:53,070 INFO o.a.j.r.c.ReportGeneratorConfiguration: Property 'jmeter.reportgenerator.graph.responseTimesOverTime.exclude_controllers' not found, using default value 'false' instead.
2026-01-28 14:01:53,070 INFO o.a.j.r.c.ReportGeneratorConfiguration: Property 'jmeter.reportgenerator.graph.connectTimeOverTime.exclude_controllers' not found, using default value 'false' instead.
2026-01-28 14:01:53,070 INFO o.a.j.r.c.ReportGeneratorConfiguration: Property 'jmeter.reportgenerator.graph.latenciesOverTime.exclude_controllers' not found, using default value 'false' instead.
2026-01-28 14:01:53,071 INFO o.a.j.r.c.ReportGeneratorConfiguration: Property 'jmeter.reportgenerator.exporter.json.filters_only_sample_series' not found, using default value 'true' instead.
2026-01-28 14:01:53,071 INFO o.a.j.r.c.ReportGeneratorConfiguration: Property 'jmeter.reportgenerator.exporter.json.series_filter' not found, using default value '' instead.
2026-01-28 14:01:53,071 INFO o.a.j.r.c.ReportGeneratorConfiguration: Property 'jmeter.reportgenerator.exporter.json.show_controllers_only' not found, using default value 'false' instead.
2026-01-28 14:01:53,071 INFO o.a.j.r.c.ReportGeneratorConfiguration: Property 'jmeter.reportgenerator.exporter.html.filters_only_sample_series' not found, using default value 'true' instead.
2026-01-28 14:01:53,071 INFO o.a.j.r.c.ReportGeneratorConfiguration: Property 'jmeter.reportgenerator.exporter.html.series_filter' not found, using default value '' instead.
2026-01-28 14:01:53,071 INFO o.a.j.r.c.ReportGeneratorConfiguration: Property 'jmeter.reportgenerator.exporter.html.show_controllers_only' not found, using default value 'false' instead.
2026-01-28 14:01:53,294 INFO o.a.j.s.SaveService: Testplan (JMX) version: 2.2. Testlog (JTL) version: 2.2
2026-01-28 14:01:53,348 INFO o.a.j.s.SaveService: Using SaveService properties version 5.0
2026-01-28 14:01:53,350 INFO o.a.j.s.SaveService: Using SaveService properties file encoding UTF-8
2026-01-28 14:01:53,365 INFO o.a.j.r.p.NormalizerSampleConsumer: Using format, 'ms', to parse timeStamp field
2026-01-28 14:01:53,502 INFO o.a.j.r.p.AbstractSampleConsumer: class org.apache.jmeter.report.processor.AggregateConsumer#stopProducing(): beginDate produced 0 samples
2026-01-28 14:01:53,502 INFO o.a.j.r.p.AbstractSampleConsumer: class org.apache.jmeter.report.processor.AggregateConsumer#stopProducing(): endDate produced 0 samples
2026-01-28 14:01:53,504 INFO o.a.j.r.p.AbstractSampleConsumer: class org.apache.jmeter.report.processor.ApdexSummaryConsumer#stopProducing(): apdexSummary produced 0 samples
2026-01-28 14:01:53,504 INFO o.a.j.r.p.AbstractSampleConsumer: class org.apache.jmeter.report.processor.RequestsSummaryConsumer#stopProducing(): requestsSummary produced 0 samples
2026-01-28 14:01:53,507 INFO o.a.j.r.p.AbstractSampleConsumer: class org.apache.jmeter.report.processor.StatisticsSummaryConsumer#stopProducing(): statisticsSummary produced 0 samples
2026-01-28 14:01:53,508 INFO o.a.j.r.p.AbstractSampleConsumer: class org.apache.jmeter.report.processor.Top5ErrorsBySamplerConsumer#stopProducing(): top5ErrorsBySampler produced 0 samples
2026-01-28 14:01:53,508 INFO o.a.j.r.p.AbstractSampleConsumer: class org.apache.jmeter.report.processor.ErrorsSummaryConsumer#stopProducing(): errorsSummary produced 0 samples
2026-01-28 14:01:53,508 INFO o.a.j.r.p.AbstractSampleConsumer: class org.apache.jmeter.report.processor.graph.impl.HitsPerSecondGraphConsumer#stopProducing(): hitsPerSecond produced 0 samples
2026-01-28 14:01:53,523 INFO o.a.j.r.p.AbstractSampleConsumer: class org.apache.jmeter.report.processor.graph.impl.LatencyVSRequestGraphConsumer#stopProducing(): latencyVsRequest produced 0 samples
2026-01-28 14:01:53,523 INFO o.a.j.r.p.AbstractSampleConsumer: class org.apache.jmeter.report.processor.graph.impl.SyntheticResponseTimeDistributionGraphConsumer#stopProducing(): syntheticResponseTimeDistribution produced 0 samples
2026-01-28 14:01:53,523 INFO o.a.j.r.p.AbstractSampleConsumer: class org.apache.jmeter.report.processor.graph.impl.BytesThroughputGraphConsumer#stopProducing(): bytesThroughputOverTime produced 0 samples
2026-01-28 14:01:53,523 INFO o.a.j.r.p.AbstractSampleConsumer: class org.apache.jmeter.report.processor.graph.impl.CodesPerSecondGraphConsumer#stopProducing(): codesPerSecond produced 0 samples
2026-01-28 14:01:53,526 INFO o.a.j.r.p.AbstractSampleConsumer: class org.apache.jmeter.report.processor.graph.impl.ResponseTimeVSRequestGraphConsumer#stopProducing(): responseTimeVsRequest produced 0 samples
2026-01-28 14:01:53,526 INFO o.a.j.r.p.AbstractSampleConsumer: class org.apache.jmeter.report.processor.FilterConsumer#stopProducing(): startIntervalControlerFilter produced 7 samples
2026-01-28 14:01:53,526 INFO o.a.j.r.p.AbstractSampleConsumer: class org.apache.jmeter.report.processor.graph.impl.TotalTPSGraphConsumer#stopProducing(): totalTPS produced 0 samples
2026-01-28 14:01:53,526 INFO o.a.j.r.p.AbstractSampleConsumer: class org.apache.jmeter.report.processor.graph.impl.ActiveThreadsGraphConsumer#stopProducing(): activeThreadsOverTime produced 0 samples
2026-01-28 14:01:53,527 INFO o.a.j.r.p.AbstractSampleConsumer: class org.apache.jmeter.report.processor.graph.impl.TimeVSThreadGraphConsumer#stopProducing(): timeVsThreads produced 0 samples
2026-01-28 14:01:53,527 INFO o.a.j.r.p.AbstractSampleConsumer: class org.apache.jmeter.report.processor.graph.impl.ResponseTimeDistributionGraphConsumer#stopProducing(): responseTimeDistribution produced 0 samples
2026-01-28 14:01:53,527 INFO o.a.j.r.p.AbstractSampleConsumer: class org.apache.jmeter.report.processor.graph.impl.TransactionsPerSecondGraphConsumer#stopProducing(): transactionsPerSecond produced 0 samples
2026-01-28 14:01:53,527 INFO o.a.j.r.p.AbstractSampleConsumer: class org.apache.jmeter.report.processor.graph.impl.ResponseTimePercentilesGraphConsumer#stopProducing(): responseTimePercentiles produced 0 samples
2026-01-28 14:01:53,527 INFO o.a.j.r.p.AbstractSampleConsumer: class org.apache.jmeter.report.processor.graph.impl.ResponseTimePercentilesOverTimeGraphConsumer#stopProducing(): responseTimePercentilesOverTime produced 0 samples
2026-01-28 14:01:53,527 INFO o.a.j.r.p.AbstractSampleConsumer: class org.apache.jmeter.report.processor.graph.impl.ResponseTimeOverTimeGraphConsumer#stopProducing(): responseTimesOverTime produced 0 samples
2026-01-28 14:01:53,528 INFO o.a.j.r.p.AbstractSampleConsumer: class org.apache.jmeter.report.processor.graph.impl.ConnectTimeOverTimeGraphConsumer#stopProducing(): connectTimeOverTime produced 0 samples
2026-01-28 14:01:53,528 INFO o.a.j.r.p.AbstractSampleConsumer: class org.apache.jmeter.report.processor.graph.impl.LatencyOverTimeGraphConsumer#stopProducing(): latenciesOverTime produced 0 samples
2026-01-28 14:01:53,528 INFO o.a.j.r.p.AbstractSampleConsumer: class org.apache.jmeter.report.processor.FilterConsumer#stopProducing(): nameFilter produced 30 samples
2026-01-28 14:01:53,528 INFO o.a.j.r.p.AbstractSampleConsumer: class org.apache.jmeter.report.processor.FilterConsumer#stopProducing(): dateRangeFilter produced 6 samples
2026-01-28 14:01:53,528 INFO o.a.j.r.p.AbstractSampleConsumer: class org.apache.jmeter.report.processor.NormalizerSampleConsumer#stopProducing(): normalizer produced 2 samples
2026-01-28 14:01:53,528 INFO o.a.j.r.p.CsvFileSampleSource: produce(): 2 samples produced in 132ms on channel 0
2026-01-28 14:01:53,528 INFO o.a.j.r.d.ReportGenerator: Exporting data using exporter:'json' of className:'org.apache.jmeter.report.dashboard.JsonExporter'
2026-01-28 14:01:53,575 INFO o.a.j.r.d.JsonExporter: Found data for consumer statisticsSummary in context
2026-01-28 14:01:53,575 INFO o.a.j.r.d.JsonExporter: Creating statistics for overall
2026-01-28 14:01:53,576 INFO o.a.j.r.d.JsonExporter: Creating statistics for other transactions
2026-01-28 14:01:53,576 INFO o.a.j.r.d.JsonExporter: Checking output folder
2026-01-28 14:01:53,576 INFO o.a.j.r.d.JsonExporter: Writing statistics JSON to E:\Jmeter\apache-jmeter-5.6.3\apache-jmeter-5.6.3\bin\New Folder\statistics.json
2026-01-28 14:01:53,654 INFO o.a.j.r.d.ReportGenerator: Exporting data using exporter:'html' of className:'org.apache.jmeter.report.dashboard.HtmlTemplateExporter'
2026-01-28 14:01:53,657 INFO o.a.j.r.d.HtmlTemplateExporter: Will generate dashboard in folder: E:\Jmeter\apache-jmeter-5.6.3\apache-jmeter-5.6.3\bin\New Folder
2026-01-28 14:01:53,831 INFO o.a.j.r.d.HtmlTemplateExporter: Report will be generated in: E:\Jmeter\apache-jmeter-5.6.3\apache-jmeter-5.6.3\bin\New Folder, creating folder structure
2026-01-28 14:01:53,835 INFO o.a.j.r.d.TemplateVisitor: Copying folder from 'E:\Jmeter\apache-jmeter-5.6.3\apache-jmeter-5.6.3\bin\report-template' to 'E:\Jmeter\apache-jmeter-5.6.3\apache-jmeter-5.6.3\bin\New Folder', got message: E:\Jmeter\apache-jmeter-5.6.3\apache-jmeter-5.6.3\bin\New Folder, found non empty folder with following content [E:\Jmeter\apache-jmeter-5.6.3\apache-jmeter-5.6.3\bin\New Folder\statistics.json], will be ignored
